// Jest Snapshot v1, https://goo.gl/fbAQLP

exports[`Atom - PrimaryNavigationItem Should render 1`] = `
<Button
  activeClassName="PrimaryNavigationItem-active"
  className="PrimaryNavigationItem"
>
  Item
</Button>
`;
