// Jest Snapshot v1, https://goo.gl/fbAQLP

exports[`Atom - Button Should render 1`] = `
<button
  className="Button"
  disabled={false}
  onClick={[Function]}
  type="button"
>
  Text
</button>
`;

exports[`Atom - Button Should render anchor tag 1`] = `
<NavLink
  activeClassName=""
  aria-current="page"
  className="Button"
  to="href"
>
  Text
</NavLink>
`;
