// Jest Snapshot v1, https://goo.gl/fbAQLP

exports[`Atom - ButtonWithArrow Should render 1`] = `
<Button
  className="ButtonWithArrow"
  color="white"
  primary={true}
>
  <span>
    Label
    <ArrowIcon />
  </span>
</Button>
`;
