// Jest Snapshot v1, https://goo.gl/fbAQLP

exports[`Molecule - ScenarioHeaderSection Should render 1`] = `
<Route>
  <Component />
</Route>
`;
