// Jest Snapshot v1, https://goo.gl/fbAQLP

exports[`Atom - MessageBoxBaseButton Should render 1`] = `
<Button
  className="MessageBoxBaseButton"
>
  Text
</Button>
`;
