// Jest Snapshot v1, https://goo.gl/fbAQLP

exports[`Atom - ScenarioEmptyArea Should render 1`] = `
<div
  className="ScenarioEmptyArea"
>
  <EmptyScenarioIcon
    className="ScenarioEmptyArea-icon"
  />
  <div
    className="ScenarioEmptyArea-text"
  >
    Text
  </div>
</div>
`;
