// Jest Snapshot v1, https://goo.gl/fbAQLP

exports[`Atom - Counter Should render 1`] = `
<div
  className="Counter"
>
  15
</div>
`;
