// Jest Snapshot v1, https://goo.gl/fbAQLP

exports[`Atom - DropArea Should render 1`] = `
<div
  className="DropArea"
>
  <span
    className="DropArea-paragraph"
  >
    <FileIcon />
    Text
  </span>
</div>
`;
