// Jest Snapshot v1, https://goo.gl/fbAQLP

exports[`Organism - ScenarioContent Should render 1`] = `
<ContextConsumer>
  <Component />
</ContextConsumer>
`;
